// Jest Snapshot v1, https://goo.gl/fbAQLP

exports[`renders correctly when there are no items 1`] = `
<div
  className="logo-line bg-sky-700 h-16 flex flex-row-reverse px-20"
>
  <img
    alt="Logo"
    className="w-auto h-full object-contain"
    src="logo.png"
  />
</div>
`;
